// Jest Snapshot v1, https://goo.gl/fbAQLP

exports[`connect to react redux snapshot test 1`] = `ShallowWrapper {}`;
