// Jest Snapshot v1, https://goo.gl/fbAQLP

exports[`Cart snapshot test 1`] = `ShallowWrapper {}`;
